2026-01-07 04:13:30 [TestNG-PoolService-1] INFO  tests.LoginTest - Inside LoginTest class useraname is /{userId} and password is /{password}
2026-01-07 04:13:30 [TestNG-PoolService-2] INFO  tests.LoginTest - Inside LoginTest class useraname is /{userId} and password is /{password}
2026-01-07 04:22:43 [main] INFO  tests.LoginTest - Providing login test data from DataProvider
2026-01-07 04:22:46 [TestNG-PoolService-2] INFO  tests.LoginTest - ===== Test verifyLogin STARTED =====
2026-01-07 04:22:46 [TestNG-PoolService-2] INFO  tests.LoginTest - Login test started with username: sirsahil2003@gmail.com
2026-01-07 04:22:46 [TestNG-PoolService-1] INFO  tests.LoginTest - ===== Test verifyLogin STARTED =====
2026-01-07 04:22:46 [TestNG-PoolService-1] INFO  tests.LoginTest - Login test started with username: sirsahil2003@gmail.com
2026-01-07 04:41:24 [main] INFO  tests.LoginTest - Providing login test data from DataProvider
2026-01-07 04:41:27 [TestNG-PoolService-1] INFO  tests.LoginTest - ===== Test verifyLogin STARTED =====
2026-01-07 04:41:27 [TestNG-PoolService-2] INFO  tests.LoginTest - ===== Test verifyLogin STARTED =====
2026-01-07 04:41:27 [TestNG-PoolService-2] INFO  tests.LoginTest - Login test started with username: sirsahil2003@gmail.com
2026-01-07 04:41:27 [TestNG-PoolService-1] INFO  tests.LoginTest - Login test started with username: sirsahil2003@gmail.com
2026-01-07 04:44:24 [main] INFO  tests.LoginTest - Providing login test data from DataProvider
2026-01-07 04:44:27 [TestNG-PoolService-2] INFO  tests.LoginTest - ===== Test verifyLogin STARTED =====
2026-01-07 04:44:27 [TestNG-PoolService-1] INFO  tests.LoginTest - ===== Test verifyLogin STARTED =====
2026-01-07 04:44:27 [TestNG-PoolService-2] INFO  tests.LoginTest - Login test started with username: sirsahil2003@gmail.com
2026-01-07 04:44:27 [TestNG-PoolService-1] INFO  tests.LoginTest - Login test started with username: sirsahil2003@gmail.com
2026-01-07 04:49:13 [main] INFO  tests.LoginTest - Providing login test data from DataProvider
2026-01-07 04:49:15 [TestNG-PoolService-2] INFO  tests.LoginTest - ===== Test verifyLogin STARTED =====
2026-01-07 04:49:15 [TestNG-PoolService-2] INFO  tests.LoginTest - Login test started with username: sirsahil2003@gmail.com
2026-01-07 04:49:16 [TestNG-PoolService-1] INFO  tests.LoginTest - ===== Test verifyLogin STARTED =====
2026-01-07 04:49:16 [TestNG-PoolService-1] INFO  tests.LoginTest - Login test started with username: sirsahil2003@gmail.com
2026-01-07 04:53:53 [main] INFO  tests.LoginTest - Providing login test data from DataProvider
2026-01-07 04:53:56 [TestNG-PoolService-1] INFO  tests.LoginTest - ===== Test verifyLogin STARTED =====
2026-01-07 04:53:56 [TestNG-PoolService-2] INFO  tests.LoginTest - ===== Test verifyLogin STARTED =====
2026-01-07 04:53:56 [TestNG-PoolService-2] INFO  tests.LoginTest - Login test started with username: sirsahil2003@gmail.com
2026-01-07 04:53:56 [TestNG-PoolService-1] INFO  tests.LoginTest - Login test started with username: sirsahil2003@gmail.com
2026-01-07 04:56:29 [main] INFO  tests.LoginTest - Providing login test data from DataProvider
2026-01-07 04:56:33 [TestNG-PoolService-2] INFO  tests.LoginTest - ===== Test verifyLogin STARTED =====
2026-01-07 04:56:33 [TestNG-PoolService-1] INFO  tests.LoginTest - ===== Test verifyLogin STARTED =====
2026-01-07 04:56:33 [TestNG-PoolService-1] INFO  tests.LoginTest - Login test started with username: sirsahil2003@gmail.com
2026-01-07 04:56:33 [TestNG-PoolService-2] INFO  tests.LoginTest - Login test started with username: sirsahil2003@gmail.com
2026-01-09 02:48:45 [TestNG-test-Login Tests-1] INFO  tests.LoginTest - Providing login test data from DataProvider
2026-01-09 02:48:48 [TestNG-PoolService-2] INFO  listeners.ExtentTestListener - Test Started: verifyLogin
2026-01-09 02:48:49 [TestNG-PoolService-2] INFO  tests.LoginTest - ===== Test verifyLogin STARTED =====
2026-01-09 02:48:49 [TestNG-PoolService-2] INFO  tests.LoginTest - Login test started with username: sirsahil2003@gmail.com
2026-01-09 02:48:49 [TestNG-PoolService-1] INFO  listeners.ExtentTestListener - Test Started: verifyLogin
2026-01-09 02:48:49 [TestNG-PoolService-1] INFO  tests.LoginTest - ===== Test verifyLogin STARTED =====
2026-01-09 02:48:49 [TestNG-PoolService-1] INFO  tests.LoginTest - Login test started with username: sirsahil2003@gmail.com
2026-01-09 02:48:51 [TestNG-PoolService-2] INFO  tests.LoginTest - Login action performed
2026-01-09 02:48:52 [TestNG-PoolService-2] INFO  tests.LoginTest - Actual page title captured: Quora - A place to share knowledge and better understand the world
2026-01-09 02:48:52 [TestNG-PoolService-2] INFO  tests.LoginTest - Title assertion executed
2026-01-09 02:48:52 [TestNG-PoolService-2] INFO  tests.LoginTest - ===== Test verifyLogin COMPLETED =====
2026-01-09 02:49:00 [main] INFO  listeners.ExtentTestListener - Flushing Extent Report
2026-01-09 02:49:00 [TestNG-test-Login Tests - Chrome-1] INFO  tests.LoginTest - Providing login test data from DataProvider
2026-01-09 02:49:06 [TestNG-PoolService-2] INFO  listeners.ExtentTestListener - Test Started: verifyLogin
2026-01-09 02:49:06 [TestNG-PoolService-2] INFO  tests.LoginTest - ===== Test verifyLogin STARTED =====
2026-01-09 02:49:06 [TestNG-PoolService-2] INFO  tests.LoginTest - Login test started with username: sirsahil2003@gmail.com
2026-01-09 02:49:06 [TestNG-PoolService-1] INFO  listeners.ExtentTestListener - Test Started: verifyLogin
2026-01-09 02:49:06 [TestNG-PoolService-1] INFO  tests.LoginTest - ===== Test verifyLogin STARTED =====
2026-01-09 02:49:06 [TestNG-PoolService-1] INFO  tests.LoginTest - Login test started with username: sirsahil2003@gmail.com
2026-01-09 02:49:09 [TestNG-PoolService-1] INFO  tests.LoginTest - Login action performed
2026-01-09 02:49:09 [TestNG-PoolService-1] INFO  tests.LoginTest - Actual page title captured: Quora - A place to share knowledge and better understand the world
2026-01-09 02:49:09 [TestNG-PoolService-1] INFO  tests.LoginTest - Title assertion executed
2026-01-09 02:49:09 [TestNG-PoolService-1] INFO  tests.LoginTest - ===== Test verifyLogin COMPLETED =====
2026-01-09 02:49:09 [TestNG-PoolService-2] INFO  tests.LoginTest - Login action performed
2026-01-09 02:49:09 [TestNG-PoolService-2] INFO  tests.LoginTest - Actual page title captured: Quora - A place to share knowledge and better understand the world
2026-01-09 02:49:09 [TestNG-PoolService-2] INFO  tests.LoginTest - Title assertion executed
2026-01-09 02:49:09 [TestNG-PoolService-2] INFO  tests.LoginTest - ===== Test verifyLogin COMPLETED =====
2026-01-09 02:49:09 [main] INFO  listeners.ExtentTestListener - Flushing Extent Report
2026-01-09 03:41:50 [TestNG-test-Login Tests-1] INFO  tests.LoginTest - Providing login test data from DataProvider
2026-01-09 03:41:59 [TestNG-PoolService-1] INFO  tests.LoginTest - ===== Test verifyLogin STARTED =====
2026-01-09 03:41:59 [TestNG-PoolService-2] INFO  tests.LoginTest - ===== Test verifyLogin STARTED =====
2026-01-09 03:41:59 [TestNG-PoolService-2] INFO  tests.LoginTest - Login test started with username: sirsahil2003@gmail.com
2026-01-09 03:41:59 [TestNG-PoolService-1] INFO  tests.LoginTest - Login test started with username: sirsahil2003@gmail.com
2026-01-09 03:42:03 [TestNG-PoolService-2] INFO  tests.LoginTest - Login action performed
2026-01-09 03:42:03 [TestNG-PoolService-2] INFO  tests.LoginTest - Actual page title captured: Quora - A place to share knowledge and better understand the world
2026-01-09 03:42:03 [TestNG-PoolService-2] INFO  tests.LoginTest - Title assertion executed
2026-01-09 03:42:03 [TestNG-PoolService-2] INFO  tests.LoginTest - ===== Test verifyLogin COMPLETED =====
2026-01-09 03:42:04 [TestNG-PoolService-1] INFO  tests.LoginTest - Login action performed
2026-01-09 03:42:04 [TestNG-PoolService-1] INFO  tests.LoginTest - Actual page title captured: Quora - A place to share knowledge and better understand the world
2026-01-09 03:42:04 [TestNG-PoolService-1] INFO  tests.LoginTest - Title assertion executed
2026-01-09 03:42:04 [TestNG-PoolService-1] INFO  tests.LoginTest - ===== Test verifyLogin COMPLETED =====
2026-01-09 03:42:05 [TestNG-test-Login Tests - Chrome-1] INFO  tests.LoginTest - Providing login test data from DataProvider
2026-01-09 03:42:08 [TestNG-PoolService-2] INFO  tests.LoginTest - ===== Test verifyLogin STARTED =====
2026-01-09 03:42:08 [TestNG-PoolService-2] INFO  tests.LoginTest - Login test started with username: sirsahil2003@gmail.com
2026-01-09 03:42:08 [TestNG-PoolService-1] INFO  tests.LoginTest - ===== Test verifyLogin STARTED =====
2026-01-09 03:42:08 [TestNG-PoolService-1] INFO  tests.LoginTest - Login test started with username: sirsahil2003@gmail.com
2026-01-09 03:42:10 [TestNG-PoolService-2] INFO  tests.LoginTest - Login action performed
2026-01-09 03:42:10 [TestNG-PoolService-2] INFO  tests.LoginTest - Actual page title captured: Quora - A place to share knowledge and better understand the world
2026-01-09 03:42:10 [TestNG-PoolService-2] INFO  tests.LoginTest - Title assertion executed
2026-01-09 03:42:10 [TestNG-PoolService-2] INFO  tests.LoginTest - ===== Test verifyLogin COMPLETED =====
2026-01-09 03:42:10 [TestNG-PoolService-1] INFO  tests.LoginTest - Login action performed
2026-01-09 03:42:10 [TestNG-PoolService-1] INFO  tests.LoginTest - Actual page title captured: Quora - A place to share knowledge and better understand the world
2026-01-09 03:42:10 [TestNG-PoolService-1] INFO  tests.LoginTest - Title assertion executed
2026-01-09 03:42:10 [TestNG-PoolService-1] INFO  tests.LoginTest - ===== Test verifyLogin COMPLETED =====
2026-01-17 19:09:38 [TestNG-test-Login Tests - Chrome-1] INFO  tests.LoginTest - Providing login test data from DataProvider
2026-01-17 19:09:47 [TestNG-PoolService-2] INFO  tests.LoginTest - ===== Test verifyLogin STARTED =====
2026-01-17 19:09:47 [TestNG-PoolService-1] INFO  tests.LoginTest - ===== Test verifyLogin STARTED =====
2026-01-17 19:09:47 [TestNG-PoolService-1] INFO  tests.LoginTest - Login test started with username: sirsahil2003@gmail.com
2026-01-17 19:09:47 [TestNG-PoolService-2] INFO  tests.LoginTest - Login test started with username: sirsahil2003@gmail.com
2026-01-17 19:09:49 [TestNG-PoolService-2] INFO  tests.LoginTest - Login action performed
2026-01-17 19:09:49 [TestNG-PoolService-2] INFO  tests.LoginTest - Actual page title captured: Quora - A place to share knowledge and better understand the world
2026-01-17 19:09:49 [TestNG-PoolService-2] INFO  tests.LoginTest - Title assertion executed
2026-01-17 19:09:49 [TestNG-PoolService-2] INFO  tests.LoginTest - ===== Test verifyLogin COMPLETED =====
2026-01-17 19:19:48 [TestNG-test-Login Tests - Chrome-1] INFO  tests.LoginTest - Providing login test data from DataProvider
2026-01-17 19:19:53 [TestNG-PoolService-1] INFO  tests.LoginTest - ===== Test verifyLogin STARTED =====
2026-01-17 19:19:53 [TestNG-PoolService-2] INFO  tests.LoginTest - ===== Test verifyLogin STARTED =====
2026-01-17 19:19:53 [TestNG-PoolService-2] INFO  tests.LoginTest - Login test started with username: sirsahil2003@gmail.com
2026-01-17 19:19:53 [TestNG-PoolService-1] INFO  tests.LoginTest - Login test started with username: sirsahil2003@gmail.com
2026-01-17 19:20:29 [TestNG-test-Login Tests - Chrome-1] INFO  tests.LoginTest - Providing login test data from DataProvider
2026-01-17 19:20:32 [TestNG-PoolService-2] INFO  tests.LoginTest - ===== Test verifyLogin STARTED =====
2026-01-17 19:20:32 [TestNG-PoolService-2] INFO  tests.LoginTest - Login test started with username: sirsahil2003@gmail.com
2026-01-17 19:20:32 [TestNG-PoolService-1] INFO  tests.LoginTest - ===== Test verifyLogin STARTED =====
2026-01-17 19:20:32 [TestNG-PoolService-1] INFO  tests.LoginTest - Login test started with username: sirsahil2003@gmail.com
2026-01-17 19:20:35 [TestNG-PoolService-2] INFO  tests.LoginTest - Login action performed
2026-01-17 19:20:35 [TestNG-PoolService-2] INFO  tests.LoginTest - Actual page title captured: Quora - A place to share knowledge and better understand the world
2026-01-17 19:20:35 [TestNG-PoolService-2] INFO  tests.LoginTest - Title assertion executed
2026-01-17 19:20:35 [TestNG-PoolService-2] INFO  tests.LoginTest - ===== Test verifyLogin COMPLETED =====
2026-01-17 19:20:35 [TestNG-PoolService-1] INFO  tests.LoginTest - Login action performed
2026-01-17 19:20:35 [TestNG-PoolService-1] INFO  tests.LoginTest - Actual page title captured: Quora - A place to share knowledge and better understand the world
2026-01-17 19:20:35 [TestNG-PoolService-1] INFO  tests.LoginTest - Title assertion executed
2026-01-17 19:20:35 [TestNG-PoolService-1] INFO  tests.LoginTest - ===== Test verifyLogin COMPLETED =====
